src/index.ts(116,77): error TS2339: Property 'code' does not exist on type '{ id: string; name: string; email: string; passwordHash: string; tenantId: string | null; createdAt: Date; updatedAt: Date; }'.
src/index.ts(142,77): error TS2339: Property 'code' does not exist on type '{ id: string; name: string; email: string; passwordHash: string; tenantId: string | null; createdAt: Date; updatedAt: Date; }'.
